<html>
<body>
<pre>
<h1>µVision Build Log</h1>
<h2>Project:</h2>
C:\nuvoton\NUC140BSP\NuvotonPlatform_Keil\Sample\EduSampleCode\Project\Smpl_UART0.uvproj
Project File Date:  01/17/2023

<h2>Output:</h2>
Rebuild target 'Smpl_UART0'
creating preprocessor file for core_cm0.c...
compiling core_cm0.c...
creating preprocessor file for system_NUC1xx.c...
compiling system_NUC1xx.c...
assembling startup_NUC1xx.s...
creating preprocessor file for LCD_Driver.c...
compiling LCD_Driver.c...
creating preprocessor file for Ascii_Table.C...
compiling Ascii_Table.C...
creating preprocessor file for Smpl_UART0.c...
Smpl_UART0.c(230): warning:  #1-D: last line of file ends without a newline
  }
Smpl_UART0.c: 1 warning, 0 errors
compiling Smpl_UART0.c...
Smpl_UART0.c(62): warning:  #177-D: variable "i" was declared but never referenced
        uint8_t i;
Smpl_UART0.c(157): warning:  #167-D: argument of type "void (*)(void)" is incompatible with parameter of type "PFN_DRVUART_CALLBACK *"
        DrvUART_EnableInt(UART_PORT0, DRVUART_RDAINT, UART_INT_HANDLE);  
Smpl_UART0.c(133): warning:  #177-D: variable "i" was declared but never referenced
        uint8_t  i =0;
Smpl_UART0.c(134): warning:  #177-D: variable "dataout" was declared but never referenced
        uint8_t  dataout[9] = "NuMicro0";
Smpl_UART0.c(230): warning:  #1-D: last line of file ends without a newline
  }
Smpl_UART0.c: 5 warnings, 0 errors
creating preprocessor file for DrvSYS.c...
compiling DrvSYS.c...
creating preprocessor file for DrvUART.c...
compiling DrvUART.c...
creating preprocessor file for DrvGPIO.c...
compiling DrvGPIO.c...
linking...
Program Size: Code=7440 RO-data=240 RW-data=1648 ZI-data=1136  
After Build - User command #1: fromelf --bin ".\obj\Smpl_UART0.axf" --output ".\obj\Smpl_UART0.bin"
After Build - User command #2: fromelf --text -c ".\obj\Smpl_UART0.axf" --output ".\obj\Smpl_UART0.txt"
".\obj\Smpl_UART0.axf" - 0 Error(s), 6 Warning(s).
Load "C:\\nuvoton\\NUC140BSP\\NuvotonPlatform_Keil\\Sample\\EduSampleCode\\Project\\obj\\Smpl_UART0.axf" 
</pre>
</body>
</html>
